
> aidevelo.ai@0.0.0 build
> vite build

[36mvite v6.4.1 [32mbuilding for production...[36m[39m
transforming...
[32mÔ£ô[39m 2051 modules transformed.
node.exe : [31mÔ£ù[39m 
Build failed in 2.49s
In Zeile:1 Zeichen:1
+ & "C:\Program 
Files\nodejs/node.exe" 
"C:\Program 
Files\nodejs/node_mo ...
+ ~~~~~~~~~~~~~~~~~~~~~~~~~~
~~~~~~~~~~~~~~~~~~~~~~~~~~~~
~~~~~~~~~~~~~~~
    + CategoryInfo          
    : NotSpecified: ([31m  
  Ô£ù[39m Build failed i   
 n 2.49s:String) [], Rem    
oteException
    + FullyQualifiedErrorId 
    : NativeCommandError
 
[31merror during build:
[31m[vite]: Rollup failed 
to resolve import 
"lottie-react" from "C:/User
s/Aidevelo/Desktop/REAL-AIDe
velo.ai/src/components/anima
tions/HeroWaveAnimation.tsx"
.
This is most likely 
unintended because it can 
break your application at 
runtime.
If you do want to 
externalize this module 
explicitly add it to
`build.rollupOptions.externa
l`[31m
    at viteLog (file:///C:/U
sers/Aidevelo/Desktop/REAL-A
IDevelo.ai/node_modules/vite
/dist/node/chunks/dep-D4NMHU
TW.js:46374:15)
    at file:///C:/Users/Aide
velo/Desktop/REAL-AIDevelo.a
i/node_modules/vite/dist/nod
e/chunks/dep-D4NMHUTW.js:464
32:18
    at onwarn (file:///C:/Us
ers/Aidevelo/Desktop/REAL-AI
Develo.ai/node_modules/@vite
js/plugin-react/dist/index.j
s:76:7)
    at file:///C:/Users/Aide
velo/Desktop/REAL-AIDevelo.a
i/node_modules/vite/dist/nod
e/chunks/dep-D4NMHUTW.js:464
30:7
    at onRollupLog (file:///
C:/Users/Aidevelo/Desktop/RE
AL-AIDevelo.ai/node_modules/
vite/dist/node/chunks/dep-D4
NMHUTW.js:46422:5)
    at onLog (file:///C:/Use
rs/Aidevelo/Desktop/REAL-AID
evelo.ai/node_modules/vite/d
ist/node/chunks/dep-D4NMHUTW
.js:46072:7)
    at file:///C:/Users/Aide
velo/Desktop/REAL-AIDevelo.a
i/node_modules/rollup/dist/e
s/shared/node-entry.js:20961
:32
    at Object.logger [as 
onLog] (file:///C:/Users/Aid
evelo/Desktop/REAL-AIDevelo.
ai/node_modules/rollup/dist/
es/shared/node-entry.js:2284
8:9)
    at ModuleLoader.handleIn
validResolvedId (file:///C:/
Users/Aidevelo/Desktop/REAL-
AIDevelo.ai/node_modules/rol
lup/dist/es/shared/node-entr
y.js:21592:26)
    at file:///C:/Users/Aide
velo/Desktop/REAL-AIDevelo.a
i/node_modules/rollup/dist/e
s/shared/node-entry.js:21550
:26[39m
